// Jest Snapshot v1, https://goo.gl/fbAQLP

exports[`<Pagination />  Renders Pagination for 18 items   1`] = `
Array [
  <PaginationStyles
    data-test="pagination"
  >
    <div
      className="PaginationStyles-sc-1pn2n7t-0 kvIfKH"
      data-test="pagination"
    >
      <SideEffect(Head)>
        <Head />
      </SideEffect(Head)>
      <Link
        href={
          Object {
            "pathname": "items",
            "query": Object {
              "page": 0,
            },
          }
        }
        prefetch={true}
      >
        <a
          aria-disabled={true}
          className="prev"
          href="items?page=0"
          onClick={[Function]}
        >
          ← Prev
        </a>
      </Link>
      <p>
        Page 
        1
         of 
        <span
          className="totalPages"
        >
          5
        </span>
      </p>
      <p>
        18
         Items Total
      </p>
      <Link
        href={
          Object {
            "pathname": "items",
            "query": Object {
              "page": 2,
            },
          }
        }
        prefetch={true}
      >
        <a
          aria-disabled={false}
          className="next"
          href="items?page=2"
          onClick={[Function]}
        >
          Next →
        </a>
      </Link>
    </div>
  </PaginationStyles>,
  <div
    className="PaginationStyles-sc-1pn2n7t-0 kvIfKH"
    data-test="pagination"
  >
    <SideEffect(Head)>
      <Head />
    </SideEffect(Head)>
    <Link
      href={
        Object {
          "pathname": "items",
          "query": Object {
            "page": 0,
          },
        }
      }
      prefetch={true}
    >
      <a
        aria-disabled={true}
        className="prev"
        href="items?page=0"
        onClick={[Function]}
      >
        ← Prev
      </a>
    </Link>
    <p>
      Page 
      1
       of 
      <span
        className="totalPages"
      >
        5
      </span>
    </p>
    <p>
      18
       Items Total
    </p>
    <Link
      href={
        Object {
          "pathname": "items",
          "query": Object {
            "page": 2,
          },
        }
      }
      prefetch={true}
    >
      <a
        aria-disabled={false}
        className="next"
        href="items?page=2"
        onClick={[Function]}
      >
        Next →
      </a>
    </Link>
  </div>,
]
`;
