// Jest Snapshot v1, https://goo.gl/fbAQLP

exports[`<RemoveFromCart /> Renders and matches snapshot 1`] = `
<button
  className="RemoveFromCart__BigButton-o73qqv-0 kWvcsV"
  disabled={false}
  onClick={[Function]}
  title="Delete Item"
>
  Ã—
</button>
`;
